// Jest Snapshot v1, https://goo.gl/fbAQLP

exports[`HelloWorld.vue Title prop displays correctly 1`] = `
<div class="container">
  <div class="row text-center">
    <div class="col col-12">
      <h4>Foobar</h4>
      <div class="v-image v-responsive my-3 theme--light" style="height: 100px;">
        <div class="v-responsive__content"></div>
      </div>
    </div>
  </div>
</div>
`;
